PowerPlay Power Analyzer report for lab8
Fri Oct 21 13:04:38 2016
Quartus Prime Version 16.0.0 Build 211 04/27/2016 SJ Standard Edition


---------------------
; Table of Contents ;
---------------------
  1. Legal Notice
  2. PowerPlay Power Analyzer Summary
  3. PowerPlay Power Analyzer Settings
  4. PowerPlay Power Analyzer Messages



----------------
; Legal Notice ;
----------------
Copyright (C) 1991-2016 Altera Corporation. All rights reserved.
Your use of Altera Corporation's design tools, logic functions 
and other software and tools, and its AMPP partner logic 
functions, and any output files from any of the foregoing 
(including device programming or simulation files), and any 
associated documentation or information are expressly subject 
to the terms and conditions of the Altera Program License 
Subscription Agreement, the Altera Quartus Prime License Agreement,
the Altera MegaCore Function License Agreement, or other 
applicable license agreement, including, without limitation, 
that your use is for the sole purpose of programming logic 
devices manufactured by Altera and sold by Altera or its 
authorized distributors.  Please refer to the applicable 
agreement for further details.



+-----------------------------------------------------------------------------------+
; PowerPlay Power Analyzer Summary                                                  ;
+---------------------------------+-------------------------------------------------+
; PowerPlay Power Analyzer Status ; Failed - Fri Oct 21 13:04:38 2016               ;
; Quartus Prime Version           ; 16.0.0 Build 211 04/27/2016 SJ Standard Edition ;
; Revision Name                   ; lab8                                            ;
; Top-level Entity Name           ; lab8                                            ;
; Family                          ; Cyclone IV E                                    ;
; Device                          ; EP4CE115F29C7                                   ;
+---------------------------------+-------------------------------------------------+


+---------------------------------------------------------------+
; PowerPlay Power Analyzer Settings                             ;
+-------------------------------------+---------+---------------+
; Option                              ; Setting ; Default Value ;
+-------------------------------------+---------+---------------+
; Default Power Input I/O Toggle Rate ; 12.5%   ;               ;
; Default Power Toggle Rate           ; 12.5%   ;               ;
; Use vectorless estimation           ; On      ;               ;
+-------------------------------------+---------+---------------+


+-----------------------------------+
; PowerPlay Power Analyzer Messages ;
+-----------------------------------+
Info: *******************************************************************
Info: Running Quartus Prime PowerPlay Power Analyzer
    Info: Version 16.0.0 Build 211 04/27/2016 SJ Standard Edition
    Info: Processing started: Fri Oct 21 13:04:37 2016
Info: Command: quartus_pow --read_settings_files=off --write_settings_files=off lab8 -c lab8
Warning (18236): Number of processors has not been specified which may cause overloading on shared machines.  Set the global assignment NUM_PARALLEL_PROCESSORS in your QSF to an appropriate value for best performance.
Error (215039): PowerPlay Power Analyzer (quartus_pow) cannot be run.  It requires a successful run of the Assembler.  The Assembler (quartus_asm) failed or was not run.
Error: Quartus Prime PowerPlay Power Analyzer was unsuccessful. 1 error, 1 warning
    Error: Peak virtual memory: 758 megabytes
    Error: Processing ended: Fri Oct 21 13:04:38 2016
    Error: Elapsed time: 00:00:01
    Error: Total CPU time (on all processors): 00:00:01


